#3 STR_CONST "\\"
#3 STR_CONST "\"\""
#3 ERROR: Invalid symbol "\\"
#3 ERROR: Invalid symbol "\\"
#3 STR_CONST ""
#3 ERROR: Invalid symbol "\\"
#3 STR_CONST "\\"
#3 ERROR: Invalid symbol "\\"
#3 STR_CONST "\\"
#3 STR_CONST ""
#3 ERROR: Invalid symbol "\\"
#3 STR_CONST "\""
#3 ERROR: Invalid symbol "\\"
#3 ERROR: String contains unescaped new line
