#1 STR_CONST "other unescaped whitespace: \t\f<0x12><0x0b>"
