#1 ERROR: String contains unescaped new line
#2 OBJECTID not_same_string
#2 ERROR: String contains unescaped new line
