#1 STR_CONST "\"ok"
#2 ERROR: String contains unescaped new line
